// Jest Snapshot v1, https://goo.gl/fbAQLP

exports[`User Resolvers: Registration, Login and Logout A new user should be registered 1`] = `
Object {
  "cart": Array [],
  "email": "test@gmail.com",
  "id": "5ecba0b6e03dd8000775978f",
  "items": Array [],
  "joined": "2020-05-25T10:40:54.335Z",
  "password": "$2a$12$xC8sgQNFtqjJ3pHaM5O5HupCY39e7koEfaTs6FX4yMKpbclVUK/Zm",
  "username": "testuser",
}
`;
